#-----------------------------------------------------------
# Vivado v2024.2 (64-bit)
# SW Build 5239630 on Fri Nov 08 22:35:27 MST 2024
# IP Build 5239520 on Sun Nov 10 16:12:51 MST 2024
# SharedData Build 5239561 on Fri Nov 08 14:39:27 MST 2024
# Start of session at: Thu Mar 20 22:00:47 2025
# Process ID         : 25916
# Current directory  : C:/Users/corey/repos/vivado/BlinkingLED/BlinkingLED.runs/impl_1
# Command line       : vivado.exe -log blinky.vdi -applog -product Vivado -messageDb vivado.pb -mode batch -source blinky.tcl -notrace
# Log file           : C:/Users/corey/repos/vivado/BlinkingLED/BlinkingLED.runs/impl_1/blinky.vdi
# Journal file       : C:/Users/corey/repos/vivado/BlinkingLED/BlinkingLED.runs/impl_1\vivado.jou
# Running On         : DESKTOP-MSOM6FH
# Platform           : Windows Server 2016 or Windows 10
# Operating System   : 26100
# Processor Detail   : AMD Ryzen 5 7600 6-Core Processor              
# CPU Frequency      : 3800 MHz
# CPU Physical cores : 6
# CPU Logical cores  : 12
# Host memory        : 33488 MB
# Swap memory        : 19917 MB
# Total Virtual      : 53405 MB
# Available Virtual  : 4469 MB
#-----------------------------------------------------------
source blinky.tcl -notrace
